
> rawdat_al_hafizin_wep@0.1.0 build
> next build

ظû▓ Next.js 16.1.6 (Turbopack)

  Creating an optimized production build ...
node.exe : 
At C:\Program 
Files\nodejs\npm.ps1:29 
char:3
+   & $NODE_EXE 
$NPM_CLI_JS $args
+   ~~~~~~~~~~~~~~~~~~~~~~~
~~~~~~
    + CategoryInfo         
     : NotSpecified: (:St  
  ring) [], RemoteExcept   
 ion
    + FullyQualifiedErrorI 
   d : NativeCommandError
 
> Build error occurred
Error: Turbopack build 
failed with 1 errors:
./src/app/students/page.tsx
:10:1
Module not found: Can't 
resolve 
'@/context/AuthContext'
[0m [90m  8 |[39m } 
[36mfrom[39m [32m"fireba
se/firestore"[39m[33m;[3
9m
 [90m  9 |[39m 
[36mimport[39m { db } 
[36mfrom[39m [32m"@/lib/
firebase"[39m[33m;[39m
[31m[1m>[22m[39m[90m 
10 |[39m [36mimport[39m 
{ useAuth } [36mfrom[39m 
[32m"@/context/AuthContext
"[39m[33m;[39m
 [90m    |[39m [31m[1m^
[22m[39m[31m[1m^[22m[
39m[31m[1m^[22m[39m[31
m[1m^[22m[39m[31m[1m^
[22m[39m[31m[1m^[22m[3
9m[31m[1m^[22m[39m[31m
[1m^[22m[39m[31m[1m^[
22m[39m[31m[1m^[22m[39
m[31m[1m^[22m[39m[31m
[1m^[22m[39m[31m[1m^[2
2m[39m[31m[1m^[22m[39m
[31m[1m^[22m[39m[31m[
1m^[22m[39m[31m[1m^[22
m[39m[31m[1m^[22m[39m
[31m[1m^[22m[39m[31m[1
m^[22m[39m[31m[1m^[22m
[39m[31m[1m^[22m[39m[
31m[1m^[22m[39m[31m[1m
^[22m[39m[31m[1m^[22m
[39m[31m[1m^[22m[39m[3
1m[1m^[22m[39m[31m[1m^
[22m[39m[31m[1m^[22m[
39m[31m[1m^[22m[39m[31
m[1m^[22m[39m[31m[1m^
[22m[39m[31m[1m^[22m[3
9m[31m[1m^[22m[39m[31m
[1m^[22m[39m[31m[1m^[
22m[39m[31m[1m^[22m[39
m[31m[1m^[22m[39m[31m
[1m^[22m[39m[31m[1m^[2
2m[39m[31m[1m^[22m[39m
[31m[1m^[22m[39m[31m[
1m^[22m[39m[31m[1m^[22
m[39m[31m[1m^[22m[39m
[31m[1m^[22m[39m[31m[1
m^[22m[39m[31m[1m^[22m
[39m
 [90m 11 |[39m 
[36mimport[39m { 
motion[33m,[39m 
[33mAnimatePresence[39m 
} [36mfrom[39m [32m"fram
er-motion"[39m[33m;[39m
 [90m 12 |[39m 
[36mimport[39m { 
 [90m 13 |[39m     
[33mAward[39m[33m,[39m 
[33mStar[39m[33m,[39m 
[33mHeart[39m[33m,[39m 
[33mMessageCircle[39m[33
m,[39m 
[33mClock[39m[33m,[39m 
[0m

Import map: aliased to 
relative './src/context/Aut
hContext' inside of 
[project]/


Import traces:
  Client Component Browser:
    ./src/app/students/page
.tsx [Client Component 
Browser]
    ./src/app/students/page
.tsx [Server Component]

  Client Component SSR:
    ./src/app/students/page
.tsx [Client Component SSR]
    ./src/app/students/page
.tsx [Server Component]

https://nextjs.org/docs/mes
sages/module-not-found


    at <unknown> (./src/app
/students/page.tsx:10:1)
    at <unknown> (https://n
extjs.org/docs/messages/mod
ule-not-found)
