src/app/admin/layout.tsx(18,29): error TS2307: Cannot find module '@/components/theme-toggle' or its corresponding type declarations.
src/app/admin/layout.tsx(22,38): error TS2339: Property 'logout' does not exist on type 'AuthContextType'.
src/app/admin/page.tsx(12,5): error TS2305: Module '"lucide-react"' has no exported member 'System'.
src/components/layout/Navbar.tsx(26,29): error TS2339: Property 'logout' does not exist on type 'AuthContextType'.
